******************************************************************************
                  TI ARM Linker PC v18.1.3                     
******************************************************************************
>> Linked Fri Jun 14 10:27:20 2019

OUTPUT FILE NAME:   <BLE_SPWAS_R3_CAPVOLTAGE.out>
ENTRY POINT SYMBOL: "ResetISR"  address: 0000bf09


MEMORY CONFIGURATION

         name            origin    length      used     unused   attr    fill
----------------------  --------  ---------  --------  --------  ----  --------
  FLASH                 00000000   0001f000  0001181e  0000d7e2  R  X
  FLASH_LAST_PAGE       0001f000   00001000  00000058  00000fa8  R  X
  SRAM                  20000000   00004400  00002885  00001b7b  RW X


SEGMENT ALLOCATION MAP

run origin  load origin   length   init length attrs members
----------  ----------- ---------- ----------- ----- -------
00000000    00000000    00010824   00010824    r-x
  00000000    00000000    0000003c   0000003c    r-- .resetVecs
  0000003c    0000003c    00000fc4   00000fc4    r-x .text.1
  00001000    00001000    00000028   00000028    r-- .const:ti_sysbios_heaps_HeapMem_Module__FXNS__C
  00001028    00001028    00000024   00000024    r-- .const:ti_sysbios_gates_GateHwi_Module__FXNS__C
  0000104c    0000104c    00000024   00000024    r-- .const:ti_sysbios_gates_GateMutex_Module__FXNS__C
  00001070    00001070    00000020   00000020    r-- .const:ti_sysbios_family_arm_m3_Hwi_Object__DESC__C
  00001090    00001090    00000020   00000020    r-- .const:ti_sysbios_gates_GateHwi_Object__DESC__C
  000010b0    000010b0    00000020   00000020    r-- .const:ti_sysbios_gates_GateMutex_Object__DESC__C
  000010d0    000010d0    00000020   00000020    r-- .const:ti_sysbios_hal_Hwi_Object__DESC__C
  000010f0    000010f0    00000020   00000020    r-- .const:ti_sysbios_heaps_HeapMem_Object__DESC__C
  00001110    00001110    00000020   00000020    r-- .const:ti_sysbios_knl_Clock_Object__DESC__C
  00001130    00001130    00000020   00000020    r-- .const:ti_sysbios_knl_Event_Object__DESC__C
  00001150    00001150    00000020   00000020    r-- .const:ti_sysbios_knl_Mailbox_Object__DESC__C
  00001170    00001170    00000020   00000020    r-- .const:ti_sysbios_knl_Queue_Object__DESC__C
  00001190    00001190    00000020   00000020    r-- .const:ti_sysbios_knl_Semaphore_Object__DESC__C
  000011b0    000011b0    00000020   00000020    r-- .const:ti_sysbios_knl_Swi_Object__DESC__C
  000011d0    000011d0    00000020   00000020    r-- .const:ti_sysbios_knl_Task_Object__DESC__C
  000011f0    000011f0    00000008   00000008    r-- .const:ti_sysbios_knl_Idle_funcList__C
  000011f8    000011f8    00000004   00000004    r-- .const:ti_sysbios_family_arm_cc26xx_Timer_startupNeeded__C
  000011fc    000011fc    00000004   00000004    r-- .const:ti_sysbios_family_arm_m3_Hwi_E_alreadyDefined__C
  00001200    00001200    00000004   00000004    r-- .const:ti_sysbios_family_arm_m3_Hwi_E_hwiLimitExceeded__C
  00001204    00001204    00000004   00000004    r-- .const:ti_sysbios_family_arm_m3_Hwi_NUM_INTERRUPTS__C
  00001208    00001208    00000004   00000004    r-- .const:ti_sysbios_family_arm_m3_Hwi_Object__count__C
  0000120c    0000120c    00000004   00000004    r-- .const:ti_sysbios_family_arm_m3_Hwi_Object__table__C
  00001210    00001210    00000004   00000004    r-- .const:ti_sysbios_family_arm_m3_Hwi_ccr__C
  00001214    00001214    00000004   00000004    r-- .const:ti_sysbios_family_arm_m3_Hwi_excHandlerFunc__C
  00001218    00001218    00000004   00000004    r-- .const:ti_sysbios_family_arm_m3_Hwi_nullIsrFunc__C
  0000121c    0000121c    00000004   00000004    r-- .const:ti_sysbios_family_arm_m3_Hwi_numSparseInterrupts__C
  00001220    00001220    00000004   00000004    r-- .const:ti_sysbios_family_arm_m3_Hwi_priGroup__C
  00001224    00001224    00000004   00000004    r-- .const:ti_sysbios_family_arm_m3_TaskSupport_stackAlignment__C
  00001228    00001228    00000004   00000004    r-- .const:ti_sysbios_heaps_HeapMem_E_memory__C
  0000122c    0000122c    00000004   00000004    r-- .const:ti_sysbios_heaps_HeapMem_Module__gateObj__C
  00001230    00001230    00000004   00000004    r-- .const:ti_sysbios_heaps_HeapMem_Object__count__C
  00001234    00001234    00000004   00000004    r-- .const:ti_sysbios_heaps_HeapMem_Object__table__C
  00001238    00001238    00000004   00000004    r-- .const:ti_sysbios_heaps_HeapMem_reqAlign__C
  0000123c    0000123c    00000004   00000004    r-- .const:ti_sysbios_knl_Clock_triggerClock__C
  00001240    00001240    00000004   00000004    r-- .const:ti_sysbios_knl_Mailbox_Object__count__C
  00001244    00001244    00000004   00000004    r-- .const:ti_sysbios_knl_Mailbox_Object__table__C
  00001248    00001248    00000004   00000004    r-- .const:ti_sysbios_knl_Mailbox_maxTypeAlign__C
  0000124c    0000124c    00000004   00000004    r-- .const:ti_sysbios_knl_Queue_Object__count__C
  00001250    00001250    00000004   00000004    r-- .const:ti_sysbios_knl_Queue_Object__table__C
  00001254    00001254    00000004   00000004    r-- .const:ti_sysbios_knl_Semaphore_eventPost__C
  00001258    00001258    00000004   00000004    r-- .const:ti_sysbios_knl_Semaphore_eventSync__C
  0000125c    0000125c    00000004   00000004    r-- .const:ti_sysbios_knl_Swi_Object__count__C
  00001260    00001260    00000004   00000004    r-- .const:ti_sysbios_knl_Swi_Object__table__C
  00001264    00001264    00000004   00000004    r-- .const:ti_sysbios_knl_Swi_numPriorities__C
  00001268    00001268    00000004   00000004    r-- .const:ti_sysbios_knl_Task_Object__count__C
  0000126c    0000126c    00000004   00000004    r-- .const:ti_sysbios_knl_Task_Object__table__C
  00001270    00001270    00000004   00000004    r-- .const:ti_sysbios_knl_Task_allBlockedFunc__C
  00001274    00001274    00000004   00000004    r-- .const:ti_sysbios_knl_Task_defaultStackHeap__C
  00001278    00001278    00000004   00000004    r-- .const:ti_sysbios_knl_Task_defaultStackSize__C
  0000127c    0000127c    00000004   00000004    r-- .const:ti_sysbios_knl_Task_numConstructedTasks__C
  00001280    00001280    00000002   00000002    r-- .const:ti_sysbios_family_arm_cc26xx_Timer_Module__id__C
  00001282    00001282    00000002   00000002    r-- .const:ti_sysbios_family_arm_cc26xx_TimestampProvider_useClockTimer__C
  00001284    00001284    00000002   00000002    r-- .const:ti_sysbios_family_arm_m3_Hwi_Module__id__C
  00001286    00001286    00000002   00000002    r-- .const:ti_sysbios_gates_GateHwi_Module__id__C
  00001288    00001288    00000002   00000002    r-- .const:ti_sysbios_gates_GateMutex_Module__id__C
  0000128a    0000128a    00000002   00000002    r-- .const:ti_sysbios_heaps_HeapMem_Module__id__C
  0000128c    0000128c    00000002   00000002    r-- .const:ti_sysbios_knl_Task_initStackFlag__C
  0000128e    0000128e    00000001   00000001    r-- .const:ti_sysbios_knl_Clock_tickMode__C
  00001290    00001290    00000008   00000008    r-- .const:xdc_runtime_Startup_firstFxns__C
  00001298    00001298    00000008   00000008    r-- .const:xdc_runtime_Startup_lastFxns__C
  000012a0    000012a0    00000004   00000004    r-- .const:xdc_runtime_Assert_E_assertFailed__C
  000012a4    000012a4    00000004   00000004    r-- .const:xdc_runtime_Error_E_memory__C
  000012a8    000012a8    00000004   00000004    r-- .const:xdc_runtime_Error_policyFxn__C
  000012ac    000012ac    00000004   00000004    r-- .const:xdc_runtime_Error_raiseHook__C
  000012b0    000012b0    00000004   00000004    r-- .const:xdc_runtime_IGateProvider_Interface__BASE__C
  000012b4    000012b4    00000004   00000004    r-- .const:xdc_runtime_IHeap_Interface__BASE__C
  000012b8    000012b8    00000004   00000004    r-- .const:xdc_runtime_IModule_Interface__BASE__C
  000012bc    000012bc    00000004   00000004    r-- .const:xdc_runtime_Memory_defaultHeapInstance__C
  000012c0    000012c0    00000004   00000004    r-- .const:xdc_runtime_Startup_execImpl__C
  000012c4    000012c4    00000004   00000004    r-- .const:xdc_runtime_Startup_maxPasses__C
  000012c8    000012c8    00000004   00000004    r-- .const:xdc_runtime_Startup_sfxnRts__C
  000012cc    000012cc    00000004   00000004    r-- .const:xdc_runtime_Startup_sfxnTab__C
  000012d0    000012d0    00000004   00000004    r-- .const:xdc_runtime_Startup_startModsFxn__C
  000012d4    000012d4    00000004   00000004    r-- .const:xdc_runtime_SysCallback_abortFxn__C
  000012d8    000012d8    00000004   00000004    r-- .const:xdc_runtime_SysCallback_exitFxn__C
  000012dc    000012dc    00000004   00000004    r-- .const:xdc_runtime_System_abortFxn__C
  000012e0    000012e0    00000004   00000004    r-- .const:xdc_runtime_System_exitFxn__C
  000012e4    000012e4    00000004   00000004    r-- .const:xdc_runtime_System_maxAtexitHandlers__C
  000012e8    000012e8    00000004   00000004    r-- .const:xdc_runtime_Text_charTab__C
  000012ec    000012ec    00000004   00000004    r-- .const:xdc_runtime_Text_nameEmpty__C
  000012f0    000012f0    00000004   00000004    r-- .const:xdc_runtime_Text_nameStatic__C
  000012f4    000012f4    00000004   00000004    r-- .const:xdc_runtime_Text_nameUnknown__C
  000012f8    000012f8    00000002   00000002    r-- .const:xdc_runtime_Error_maxDepth__C
  000012fa    000012fa    00000002   00000002    r-- .const:xdc_runtime_Memory_Module__id__C
  000012fc    000012fc    00000002   00000002    r-- .const:xdc_runtime_Text_charCnt__C
  000012fe    000012fe    00000002   00000002    r-- .const:xdc_runtime_Text_isLoaded__C
  00001300    00001300    00000001   00000001    r-- .const:xdc_runtime_Error_policy__C
  00001304    00001304    00000004   00000004    r-- .const:ti_sysbios_rom_ROM_ti_sysbios_family_arm_cc26xx_Timer_getCount64__E
  00001308    00001308    00000004   00000004    r-- .const:ti_sysbios_rom_ROM_ti_sysbios_family_arm_cc26xx_Timer_getCurrentTick__E
  0000130c    0000130c    00000004   00000004    r-- .const:ti_sysbios_rom_ROM_ti_sysbios_family_arm_cc26xx_Timer_getMaxTicks__E
  00001310    00001310    00000004   00000004    r-- .const:ti_sysbios_rom_ROM_ti_sysbios_family_arm_cc26xx_Timer_initDevice__I
  00001314    00001314    00000004   00000004    r-- .const:ti_sysbios_rom_ROM_ti_sysbios_family_arm_cc26xx_Timer_setNextTick__E
  00001318    00001318    00000004   00000004    r-- .const:ti_sysbios_rom_ROM_ti_sysbios_family_arm_cc26xx_Timer_setThreshold__I
  0000131c    0000131c    00000004   00000004    r-- .const:ti_sysbios_rom_ROM_ti_sysbios_family_arm_cc26xx_Timer_start__E
  00001320    00001320    00000004   00000004    r-- .const:ti_sysbios_rom_ROM_ti_sysbios_family_arm_cc26xx_TimestampProvider_get32__E
  00001324    00001324    00000004   00000004    r-- .const:ti_sysbios_rom_ROM_xdc_runtime_Startup_getState__I
  00001328    00001328    00000004   00000004    r-- .const:ti_sysbios_rom_ROM_xdc_runtime_System_SupportProxy_abort__E
  0000132c    0000132c    00000004   00000004    r-- .const:ti_sysbios_rom_ROM_xdc_runtime_System_SupportProxy_exit__E
  00001330    00001330    0000dd14   0000dd14    r-x .text.2
  0000f044    0000f044    00001282   00001282    r-- .const
  000102c8    000102c8    00000088   00000088    r-- .rodata
  00010350    00010350    000004d4   000004d4    r-- .cinit
0001e000    0001e000    00001000   00001000    r--
  0001e000    0001e000    00001000   00001000    r-- .snvSectors
0001ffa8    0001ffa8    00000058   00000058    r--
  0001ffa8    0001ffa8    00000058   00000058    r-- .ccfg
20000100    20000100    000023bf   00000000    rw-
  20000100    20000100    00000044   00000000    rw- .data:ti_sysbios_knl_Task_Module__state__V
  20000144    20000144    00000034   00000000    rw- .data:ti_sysbios_family_arm_m3_Hwi_Module__state__V
  20000178    20000178    0000002c   00000000    rw- .data:ti_sysbios_knl_Clock_Module__state__V
  200001a4    200001a4    00000024   00000000    rw- .data:ti_sysbios_BIOS_Module__state__V
  200001c8    200001c8    0000001c   00000000    rw- .data:ti_sysbios_knl_Swi_Module__state__V
  200001e4    200001e4    00000008   00000000    rw- .data:ti_sysbios_family_arm_cc26xx_Timer_Module__state__V
  200001ec    200001ec    00000004   00000000    rw- .data:ti_sysbios_family_arm_cc26xx_TimestampProvider_Module__state__V
  200001f0    200001f0    00000008   00000000    rw- .data:xdc_runtime_Startup_Module__state__V
  200001f8    200001f8    00000008   00000000    rw- .data:xdc_runtime_System_Module__state__V
  20000200    20000200    00000004   00000000    rw- .data:xdc_runtime_Memory_Module__state__V
  20000204    20000204    00000002   00000000    rw- .data:xdc_runtime_Error_Module__state__V
  20000208    20000208    000019bf   00000000    rw- .data
  20001bc8    20001bc8    000008f7   00000000    rw- .bss
20004000    20004000    00000400   00000000    rw-
  20004000    20004000    00000400   00000000    rw- .stack


SECTION ALLOCATION MAP

 output                                  attributes/
section   page    origin      length       input sections
--------  ----  ----------  ----------   ----------------
.const:ti_sysbios_heaps_HeapMem_Module__FXNS__C 
*          0    00001000    00000028     
                  00001000    00000028     app_ble_pem3.oem3 (.const:ti_sysbios_heaps_HeapMem_Module__FXNS__C)

.const:ti_sysbios_gates_GateHwi_Module__FXNS__C 
*          0    00001028    00000024     
                  00001028    00000024     app_ble_pem3.oem3 (.const:ti_sysbios_gates_GateHwi_Module__FXNS__C)

.const:ti_sysbios_gates_GateMutex_Module__FXNS__C 
*          0    0000104c    00000024     
                  0000104c    00000024     app_ble_pem3.oem3 (.const:ti_sysbios_gates_GateMutex_Module__FXNS__C)

.const:ti_sysbios_family_arm_m3_Hwi_Object__DESC__C 
*          0    00001070    00000020     
                  00001070    00000020     app_ble_pem3.oem3 (.const:ti_sysbios_family_arm_m3_Hwi_Object__DESC__C)

.const:ti_sysbios_gates_GateHwi_Object__DESC__C 
*          0    00001090    00000020     
                  00001090    00000020     app_ble_pem3.oem3 (.const:ti_sysbios_gates_GateHwi_Object__DESC__C)

.const:ti_sysbios_gates_GateMutex_Object__DESC__C 
*          0    000010b0    00000020     
                  000010b0    00000020     app_ble_pem3.oem3 (.const:ti_sysbios_gates_GateMutex_Object__DESC__C)

.const:ti_sysbios_hal_Hwi_Object__DESC__C 
*          0    000010d0    00000020     
                  000010d0    00000020     app_ble_pem3.oem3 (.const:ti_sysbios_hal_Hwi_Object__DESC__C)

.const:ti_sysbios_heaps_HeapMem_Object__DESC__C 
*          0    000010f0    00000020     
                  000010f0    00000020     app_ble_pem3.oem3 (.const:ti_sysbios_heaps_HeapMem_Object__DESC__C)

.const:ti_sysbios_knl_Clock_Object__DESC__C 
*          0    00001110    00000020     
                  00001110    00000020     app_ble_pem3.oem3 (.const:ti_sysbios_knl_Clock_Object__DESC__C)

.const:ti_sysbios_knl_Event_Object__DESC__C 
*          0    00001130    00000020     
                  00001130    00000020     app_ble_pem3.oem3 (.const:ti_sysbios_knl_Event_Object__DESC__C)

.const:ti_sysbios_knl_Mailbox_Object__DESC__C 
*          0    00001150    00000020     
                  00001150    00000020     app_ble_pem3.oem3 (.const:ti_sysbios_knl_Mailbox_Object__DESC__C)

.const:ti_sysbios_knl_Queue_Object__DESC__C 
*          0    00001170    00000020     
                  00001170    00000020     app_ble_pem3.oem3 (.const:ti_sysbios_knl_Queue_Object__DESC__C)

.const:ti_sysbios_knl_Semaphore_Object__DESC__C 
*          0    00001190    00000020     
                  00001190    00000020     app_ble_pem3.oem3 (.const:ti_sysbios_knl_Semaphore_Object__DESC__C)

.const:ti_sysbios_knl_Swi_Object__DESC__C 
*          0    000011b0    00000020     
                  000011b0    00000020     app_ble_pem3.oem3 (.const:ti_sysbios_knl_Swi_Object__DESC__C)

.const:ti_sysbios_knl_Task_Object__DESC__C 
*          0    000011d0    00000020     
                  000011d0    00000020     app_ble_pem3.oem3 (.const:ti_sysbios_knl_Task_Object__DESC__C)

.const:ti_sysbios_knl_Idle_funcList__C 
*          0    000011f0    00000008     
                  000011f0    00000008     app_ble_pem3.oem3 (.const:ti_sysbios_knl_Idle_funcList__C)

.const:ti_sysbios_family_arm_cc26xx_Timer_startupNeeded__C 
*          0    000011f8    00000004     
                  000011f8    00000004     app_ble_pem3.oem3 (.const:ti_sysbios_family_arm_cc26xx_Timer_startupNeeded__C)

.const:ti_sysbios_family_arm_m3_Hwi_E_alreadyDefined__C 
*          0    000011fc    00000004     
                  000011fc    00000004     app_ble_pem3.oem3 (.const:ti_sysbios_family_arm_m3_Hwi_E_alreadyDefined__C)

.const:ti_sysbios_family_arm_m3_Hwi_E_hwiLimitExceeded__C 
*          0    00001200    00000004     
                  00001200    00000004     app_ble_pem3.oem3 (.const:ti_sysbios_family_arm_m3_Hwi_E_hwiLimitExceeded__C)

.const:ti_sysbios_family_arm_m3_Hwi_NUM_INTERRUPTS__C 
*          0    00001204    00000004     
                  00001204    00000004     app_ble_pem3.oem3 (.const:ti_sysbios_family_arm_m3_Hwi_NUM_INTERRUPTS__C)

.const:ti_sysbios_family_arm_m3_Hwi_Object__count__C 
*          0    00001208    00000004     
                  00001208    00000004     app_ble_pem3.oem3 (.const:ti_sysbios_family_arm_m3_Hwi_Object__count__C)

.const:ti_sysbios_family_arm_m3_Hwi_Object__table__C 
*          0    0000120c    00000004     
                  0000120c    00000004     app_ble_pem3.oem3 (.const:ti_sysbios_family_arm_m3_Hwi_Object__table__C)

.const:ti_sysbios_family_arm_m3_Hwi_ccr__C 
*          0    00001210    00000004     
                  00001210    00000004     app_ble_pem3.oem3 (.const:ti_sysbios_family_arm_m3_Hwi_ccr__C)

.const:ti_sysbios_family_arm_m3_Hwi_excHandlerFunc__C 
*          0    00001214    00000004     
                  00001214    00000004     app_ble_pem3.oem3 (.const:ti_sysbios_family_arm_m3_Hwi_excHandlerFunc__C)

.const:ti_sysbios_family_arm_m3_Hwi_nullIsrFunc__C 
*          0    00001218    00000004     
                  00001218    00000004     app_ble_pem3.oem3 (.const:ti_sysbios_family_arm_m3_Hwi_nullIsrFunc__C)

.const:ti_sysbios_family_arm_m3_Hwi_numSparseInterrupts__C 
*          0    0000121c    00000004     
                  0000121c    00000004     app_ble_pem3.oem3 (.const:ti_sysbios_family_arm_m3_Hwi_numSparseInterrupts__C)

.const:ti_sysbios_family_arm_m3_Hwi_priGroup__C 
*          0    00001220    00000004     
                  00001220    00000004     app_ble_pem3.oem3 (.const:ti_sysbios_family_arm_m3_Hwi_priGroup__C)

.const:ti_sysbios_family_arm_m3_TaskSupport_stackAlignment__C 
*          0    00001224    00000004     
                  00001224    00000004     app_ble_pem3.oem3 (.const:ti_sysbios_family_arm_m3_TaskSupport_stackAlignment__C)

.const:ti_sysbios_heaps_HeapMem_E_memory__C 
*          0    00001228    00000004     
                  00001228    00000004     app_ble_pem3.oem3 (.const:ti_sysbios_heaps_HeapMem_E_memory__C)

.const:ti_sysbios_heaps_HeapMem_Module__gateObj__C 
*          0    0000122c    00000004     
                  0000122c    00000004     app_ble_pem3.oem3 (.const:ti_sysbios_heaps_HeapMem_Module__gateObj__C)

.const:ti_sysbios_heaps_HeapMem_Object__count__C 
*          0    00001230    00000004     
                  00001230    00000004     app_ble_pem3.oem3 (.const:ti_sysbios_heaps_HeapMem_Object__count__C)

.const:ti_sysbios_heaps_HeapMem_Object__table__C 
*          0    00001234    00000004     
                  00001234    00000004     app_ble_pem3.oem3 (.const:ti_sysbios_heaps_HeapMem_Object__table__C)

.const:ti_sysbios_heaps_HeapMem_reqAlign__C 
*          0    00001238    00000004     
                  00001238    00000004     app_ble_pem3.oem3 (.const:ti_sysbios_heaps_HeapMem_reqAlign__C)

.const:ti_sysbios_knl_Clock_triggerClock__C 
*          0    0000123c    00000004     
                  0000123c    00000004     app_ble_pem3.oem3 (.const:ti_sysbios_knl_Clock_triggerClock__C)

.const:ti_sysbios_knl_Mailbox_Object__count__C 
*          0    00001240    00000004     
                  00001240    00000004     app_ble_pem3.oem3 (.const:ti_sysbios_knl_Mailbox_Object__count__C)

.const:ti_sysbios_knl_Mailbox_Object__table__C 
*          0    00001244    00000004     
                  00001244    00000004     app_ble_pem3.oem3 (.const:ti_sysbios_knl_Mailbox_Object__table__C)

.const:ti_sysbios_knl_Mailbox_maxTypeAlign__C 
*          0    00001248    00000004     
                  00001248    00000004     app_ble_pem3.oem3 (.const:ti_sysbios_knl_Mailbox_maxTypeAlign__C)

.const:ti_sysbios_knl_Queue_Object__count__C 
*          0    0000124c    00000004     
                  0000124c    00000004     app_ble_pem3.oem3 (.const:ti_sysbios_knl_Queue_Object__count__C)

.const:ti_sysbios_knl_Queue_Object__table__C 
*          0    00001250    00000004     
                  00001250    00000004     app_ble_pem3.oem3 (.const:ti_sysbios_knl_Queue_Object__table__C)

.const:ti_sysbios_knl_Semaphore_eventPost__C 
*          0    00001254    00000004     
                  00001254    00000004     app_ble_pem3.oem3 (.const:ti_sysbios_knl_Semaphore_eventPost__C)

.const:ti_sysbios_knl_Semaphore_eventSync__C 
*          0    00001258    00000004     
                  00001258    00000004     app_ble_pem3.oem3 (.const:ti_sysbios_knl_Semaphore_eventSync__C)

.const:ti_sysbios_knl_Swi_Object__count__C 
*          0    0000125c    00000004     
                  0000125c    00000004     app_ble_pem3.oem3 (.const:ti_sysbios_knl_Swi_Object__count__C)

.const:ti_sysbios_knl_Swi_Object__table__C 
*          0    00001260    00000004     
                  00001260    00000004     app_ble_pem3.oem3 (.const:ti_sysbios_knl_Swi_Object__table__C)

.const:ti_sysbios_knl_Swi_numPriorities__C 
*          0    00001264    00000004     
                  00001264    00000004     app_ble_pem3.oem3 (.const:ti_sysbios_knl_Swi_numPriorities__C)

.const:ti_sysbios_knl_Task_Object__count__C 
*          0    00001268    00000004     
                  00001268    00000004     app_ble_pem3.oem3 (.const:ti_sysbios_knl_Task_Object__count__C)

.const:ti_sysbios_knl_Task_Object__table__C 
*          0    0000126c    00000004     
                  0000126c    00000004     app_ble_pem3.oem3 (.const:ti_sysbios_knl_Task_Object__table__C)

.const:ti_sysbios_knl_Task_allBlockedFunc__C 
*          0    00001270    00000004     
                  00001270    00000004     app_ble_pem3.oem3 (.const:ti_sysbios_knl_Task_allBlockedFunc__C)

.const:ti_sysbios_knl_Task_defaultStackHeap__C 
*          0    00001274    00000004     
                  00001274    00000004     app_ble_pem3.oem3 (.const:ti_sysbios_knl_Task_defaultStackHeap__C)

.const:ti_sysbios_knl_Task_defaultStackSize__C 
*          0    00001278    00000004     
                  00001278    00000004     app_ble_pem3.oem3 (.const:ti_sysbios_knl_Task_defaultStackSize__C)

.const:ti_sysbios_knl_Task_numConstructedTasks__C 
*          0    0000127c    00000004     
                  0000127c    00000004     app_ble_pem3.oem3 (.const:ti_sysbios_knl_Task_numConstructedTasks__C)

.const:ti_sysbios_family_arm_cc26xx_Timer_Module__id__C 
*          0    00001280    00000002     
                  00001280    00000002     app_ble_pem3.oem3 (.const:ti_sysbios_family_arm_cc26xx_Timer_Module__id__C)

.const:ti_sysbios_family_arm_cc26xx_TimestampProvider_useClockTimer__C 
*          0    00001282    00000002     
                  00001282    00000002     app_ble_pem3.oem3 (.const:ti_sysbios_family_arm_cc26xx_TimestampProvider_useClockTimer__C)

.const:ti_sysbios_family_arm_m3_Hwi_Module__id__C 
*          0    00001284    00000002     
                  00001284    00000002     app_ble_pem3.oem3 (.const:ti_sysbios_family_arm_m3_Hwi_Module__id__C)

.const:ti_sysbios_gates_GateHwi_Module__id__C 
*          0    00001286    00000002     
                  00001286    00000002     app_ble_pem3.oem3 (.const:ti_sysbios_gates_GateHwi_Module__id__C)

.const:ti_sysbios_gates_GateMutex_Module__id__C 
*          0    00001288    00000002     
                  00001288    00000002     app_ble_pem3.oem3 (.const:ti_sysbios_gates_GateMutex_Module__id__C)

.const:ti_sysbios_heaps_HeapMem_Module__id__C 
*          0    0000128a    00000002     
                  0000128a    00000002     app_ble_pem3.oem3 (.const:ti_sysbios_heaps_HeapMem_Module__id__C)

.const:ti_sysbios_knl_Task_initStackFlag__C 
*          0    0000128c    00000002     
                  0000128c    00000002     app_ble_pem3.oem3 (.const:ti_sysbios_knl_Task_initStackFlag__C)

.const:ti_sysbios_knl_Clock_tickMode__C 
*          0    0000128e    00000001     
                  0000128e    00000001     app_ble_pem3.oem3 (.const:ti_sysbios_knl_Clock_tickMode__C)

.const:xdc_runtime_Startup_firstFxns__C 
*          0    00001290    00000008     
                  00001290    00000008     app_ble_pem3.oem3 (.const:xdc_runtime_Startup_firstFxns__C)

.const:xdc_runtime_Startup_lastFxns__C 
*          0    00001298    00000008     
                  00001298    00000008     app_ble_pem3.oem3 (.const:xdc_runtime_Startup_lastFxns__C)

.const:xdc_runtime_Assert_E_assertFailed__C 
*          0    000012a0    00000004     
                  000012a0    00000004     app_ble_pem3.oem3 (.const:xdc_runtime_Assert_E_assertFailed__C)

.const:xdc_runtime_Error_E_memory__C 
*          0    000012a4    00000004     
                  000012a4    00000004     app_ble_pem3.oem3 (.const:xdc_runtime_Error_E_memory__C)

.const:xdc_runtime_Error_policyFxn__C 
*          0    000012a8    00000004     
                  000012a8    00000004     app_ble_pem3.oem3 (.const:xdc_runtime_Error_policyFxn__C)

.const:xdc_runtime_Error_raiseHook__C 
*          0    000012ac    00000004     
                  000012ac    00000004     app_ble_pem3.oem3 (.const:xdc_runtime_Error_raiseHook__C)

.const:xdc_runtime_IGateProvider_Interface__BASE__C 
*          0    000012b0    00000004     
                  000012b0    00000004     app_ble_pem3.oem3 (.const:xdc_runtime_IGateProvider_Interface__BASE__C)

.const:xdc_runtime_IHeap_Interface__BASE__C 
*          0    000012b4    00000004     
                  000012b4    00000004     app_ble_pem3.oem3 (.const:xdc_runtime_IHeap_Interface__BASE__C)

.const:xdc_runtime_IModule_Interface__BASE__C 
*          0    000012b8    00000004     
                  000012b8    00000004     app_ble_pem3.oem3 (.const:xdc_runtime_IModule_Interface__BASE__C)

.const:xdc_runtime_Memory_defaultHeapInstance__C 
*          0    000012bc    00000004     
                  000012bc    00000004     app_ble_pem3.oem3 (.const:xdc_runtime_Memory_defaultHeapInstance__C)

.const:xdc_runtime_Startup_execImpl__C 
*          0    000012c0    00000004     
                  000012c0    00000004     app_ble_pem3.oem3 (.const:xdc_runtime_Startup_execImpl__C)

.const:xdc_runtime_Startup_maxPasses__C 
*          0    000012c4    00000004     
                  000012c4    00000004     app_ble_pem3.oem3 (.const:xdc_runtime_Startup_maxPasses__C)

.const:xdc_runtime_Startup_sfxnRts__C 
*          0    000012c8    00000004     
                  000012c8    00000004     app_ble_pem3.oem3 (.const:xdc_runtime_Startup_sfxnRts__C)

.const:xdc_runtime_Startup_sfxnTab__C 
*          0    000012cc    00000004     
                  000012cc    00000004     app_ble_pem3.oem3 (.const:xdc_runtime_Startup_sfxnTab__C)

.const:xdc_runtime_Startup_startModsFxn__C 
*          0    000012d0    00000004     
                  000012d0    00000004     app_ble_pem3.oem3 (.const:xdc_runtime_Startup_startModsFxn__C)

.const:xdc_runtime_SysCallback_abortFxn__C 
*          0    000012d4    00000004     
                  000012d4    00000004     app_ble_pem3.oem3 (.const:xdc_runtime_SysCallback_abortFxn__C)

.const:xdc_runtime_SysCallback_exitFxn__C 
*          0    000012d8    00000004     
                  000012d8    00000004     app_ble_pem3.oem3 (.const:xdc_runtime_SysCallback_exitFxn__C)

.const:xdc_runtime_System_abortFxn__C 
*          0    000012dc    00000004     
                  000012dc    00000004     app_ble_pem3.oem3 (.const:xdc_runtime_System_abortFxn__C)

.const:xdc_runtime_System_exitFxn__C 
*          0    000012e0    00000004     
                  000012e0    00000004     app_ble_pem3.oem3 (.const:xdc_runtime_System_exitFxn__C)

.const:xdc_runtime_System_maxAtexitHandlers__C 
*          0    000012e4    00000004     
                  000012e4    00000004     app_ble_pem3.oem3 (.const:xdc_runtime_System_maxAtexitHandlers__C)

.const:xdc_runtime_Text_charTab__C 
*          0    000012e8    00000004     
                  000012e8    00000004     app_ble_pem3.oem3 (.const:xdc_runtime_Text_charTab__C)

.const:xdc_runtime_Text_nameEmpty__C 
*          0    000012ec    00000004     
                  000012ec    00000004     app_ble_pem3.oem3 (.const:xdc_runtime_Text_nameEmpty__C)

.const:xdc_runtime_Text_nameStatic__C 
*          0    000012f0    00000004     
                  000012f0    00000004     app_ble_pem3.oem3 (.const:xdc_runtime_Text_nameStatic__C)

.const:xdc_runtime_Text_nameUnknown__C 
*          0    000012f4    00000004     
                  000012f4    00000004     app_ble_pem3.oem3 (.const:xdc_runtime_Text_nameUnknown__C)

.const:xdc_runtime_Error_maxDepth__C 
*          0    000012f8    00000002     
                  000012f8    00000002     app_ble_pem3.oem3 (.const:xdc_runtime_Error_maxDepth__C)

.const:xdc_runtime_Memory_Module__id__C 
*          0    000012fa    00000002     
                  000012fa    00000002     app_ble_pem3.oem3 (.const:xdc_runtime_Memory_Module__id__C)

.const:xdc_runtime_Text_charCnt__C 
*          0    000012fc    00000002     
                  000012fc    00000002     app_ble_pem3.oem3 (.const:xdc_runtime_Text_charCnt__C)

.const:xdc_runtime_Text_isLoaded__C 
*          0    000012fe    00000002     
                  000012fe    00000002     app_ble_pem3.oem3 (.const:xdc_runtime_Text_isLoaded__C)

.const:xdc_runtime_Error_policy__C 
*          0    00001300    00000001     
                  00001300    00000001     app_ble_pem3.oem3 (.const:xdc_runtime_Error_policy__C)

.const:ti_sysbios_rom_ROM_ti_sysbios_family_arm_cc26xx_Timer_getCount64__E 
*          0    00001304    00000004     
                  00001304    00000004     app_ble_pem3.oem3 (.const:ti_sysbios_rom_ROM_ti_sysbios_family_arm_cc26xx_Timer_getCount64__E)

.const:ti_sysbios_rom_ROM_ti_sysbios_family_arm_cc26xx_Timer_getCurrentTick__E 
*          0    00001308    00000004     
                  00001308    00000004     app_ble_pem3.oem3 (.const:ti_sysbios_rom_ROM_ti_sysbios_family_arm_cc26xx_Timer_getCurrentTick__E)

.const:ti_sysbios_rom_ROM_ti_sysbios_family_arm_cc26xx_Timer_getMaxTicks__E 
*          0    0000130c    00000004     
                  0000130c    00000004     app_ble_pem3.oem3 (.const:ti_sysbios_rom_ROM_ti_sysbios_family_arm_cc26xx_Timer_getMaxTicks__E)

.const:ti_sysbios_rom_ROM_ti_sysbios_family_arm_cc26xx_Timer_initDevice__I 
*          0    00001310    00000004     
                  00001310    00000004     app_ble_pem3.oem3 (.const:ti_sysbios_rom_ROM_ti_sysbios_family_arm_cc26xx_Timer_initDevice__I)

.const:ti_sysbios_rom_ROM_ti_sysbios_family_arm_cc26xx_Timer_setNextTick__E 
*          0    00001314    00000004     
                  00001314    00000004     app_ble_pem3.oem3 (.const:ti_sysbios_rom_ROM_ti_sysbios_family_arm_cc26xx_Timer_setNextTick__E)

.const:ti_sysbios_rom_ROM_ti_sysbios_family_arm_cc26xx_Timer_setThreshold__I 
*          0    00001318    00000004     
                  00001318    00000004     app_ble_pem3.oem3 (.const:ti_sysbios_rom_ROM_ti_sysbios_family_arm_cc26xx_Timer_setThreshold__I)

.const:ti_sysbios_rom_ROM_ti_sysbios_family_arm_cc26xx_Timer_start__E 
*          0    0000131c    00000004     
                  0000131c    00000004     app_ble_pem3.oem3 (.const:ti_sysbios_rom_ROM_ti_sysbios_family_arm_cc26xx_Timer_start__E)

.const:ti_sysbios_rom_ROM_ti_sysbios_family_arm_cc26xx_TimestampProvider_get32__E 
*          0    00001320    00000004     
                  00001320    00000004     app_ble_pem3.oem3 (.const:ti_sysbios_rom_ROM_ti_sysbios_family_arm_cc26xx_TimestampProvider_get32__E)

.const:ti_sysbios_rom_ROM_xdc_runtime_Startup_getState__I 
*          0    00001324    00000004     
                  00001324    00000004     app_ble_pem3.oem3 (.const:ti_sysbios_rom_ROM_xdc_runtime_Startup_getState__I)

.const:ti_sysbios_rom_ROM_xdc_runtime_System_SupportProxy_abort__E 
*          0    00001328    00000004     
                  00001328    00000004     app_ble_pem3.oem3 (.const:ti_sysbios_rom_ROM_xdc_runtime_System_SupportProxy_abort__E)

.const:ti_sysbios_rom_ROM_xdc_runtime_System_SupportProxy_exit__E 
*          0    0000132c    00000004     
                  0000132c    00000004     app_ble_pem3.oem3 (.const:ti_sysbios_rom_ROM_xdc_runtime_System_SupportProxy_exit__E)

.data:ti_sysbios_knl_Task_Module__state__V 
*          0    20000100    00000044     UNINITIALIZED
                  20000100    00000044     app_ble_pem3.oem3 (.data:ti_sysbios_knl_Task_Module__state__V)

.data:ti_sysbios_family_arm_m3_Hwi_Module__state__V 
*          0    20000144    00000034     UNINITIALIZED
                  20000144    00000034     app_ble_pem3.oem3 (.data:ti_sysbios_family_arm_m3_Hwi_Module__state__V)

.data:ti_sysbios_knl_Clock_Module__state__V 
*          0    20000178    0000002c     UNINITIALIZED
                  20000178    0000002c     app_ble_pem3.oem3 (.data:ti_sysbios_knl_Clock_Module__state__V)

.data:ti_sysbios_BIOS_Module__state__V 
*          0    200001a4    00000024     UNINITIALIZED
                  200001a4    00000024     app_ble_pem3.oem3 (.data:ti_sysbios_BIOS_Module__state__V)

.data:ti_sysbios_knl_Swi_Module__state__V 
*          0    200001c8    0000001c     UNINITIALIZED
                  200001c8    0000001c     app_ble_pem3.oem3 (.data:ti_sysbios_knl_Swi_Module__state__V)

.data:ti_sysbios_family_arm_cc26xx_Timer_Module__state__V 
*          0    200001e4    00000008     UNINITIALIZED
                  200001e4    00000008     app_ble_pem3.oem3 (.data:ti_sysbios_family_arm_cc26xx_Timer_Module__state__V)

.data:ti_sysbios_family_arm_cc26xx_TimestampProvider_Module__state__V 
*          0    200001ec    00000004     UNINITIALIZED
                  200001ec    00000004     app_ble_pem3.oem3 (.data:ti_sysbios_family_arm_cc26xx_TimestampProvider_Module__state__V)

.data:xdc_runtime_Startup_Module__state__V 
*          0    200001f0    00000008     UNINITIALIZED
                  200001f0    00000008     app_ble_pem3.oem3 (.data:xdc_runtime_Startup_Module__state__V)

.data:xdc_runtime_System_Module__state__V 
*          0    200001f8    00000008     UNINITIALIZED
                  200001f8    00000008     app_ble_pem3.oem3 (.data:xdc_runtime_System_Module__state__V)

.data:xdc_runtime_Memory_Module__state__V 
*          0    20000200    00000004     UNINITIALIZED
                  20000200    00000004     app_ble_pem3.oem3 (.data:xdc_runtime_Memory_Module__state__V)

.data:xdc_runtime_Error_Module__state__V 
*          0    20000204    00000002     UNINITIALIZED
                  20000204    00000002     app_ble_pem3.oem3 (.data:xdc_runtime_Error_Module__state__V)

.bootVecs 
*          0    00000000    00000008     DSECT
                  00000000    00000008     boot.aem3 : boot.oem3 (.bootVecs)

.resetVecs 
*          0    00000000    0000003c     
                  00000000    0000003c     app_ble_pem3.oem3 (.resetVecs)

.vecs      0    20000000    000000c8     NOLOAD SECTION
                  20000000    000000c8     app_ble_pem3.oem3 (.vecs)

xdc.meta   0    00000000    00000106     COPY SECTION
                  00000000    00000106     app_ble_pem3.oem3 (xdc.meta)

xdc.noload 
*          0    00000000    00000000     COPY SECTION

.cinit     0    00010350    000004d4     
                  00010350    00000392     (.cinit..data.load) [load image, compression = lzss]
                  000106e2    00000028     (.cinit..data:ti_sysbios_family_arm_m3_Hwi_Module__state__V.load) [load image, compression = lzss]
                  0001070a    00000021     (.cinit..data:ti_sysbios_knl_Task_Module__state__V.load) [load image, compression = lzss]
                  0001072b    0000001f     (.cinit..data:ti_sysbios_BIOS_Module__state__V.load) [load image, compression = lzss]
                  0001074a    0000001e     (.cinit..data:ti_sysbios_knl_Clock_Module__state__V.load) [load image, compression = lzss]
                  00010768    00000010     (.cinit..data:ti_sysbios_knl_Swi_Module__state__V.load) [load image, compression = lzss]
                  00010778    0000000c     (__TI_handler_table)
                  00010784    0000000b     (.cinit..data:ti_sysbios_family_arm_cc26xx_Timer_Module__state__V.load) [load image, compression = lzss]
                  0001078f    00000001     --HOLE-- [fill = 0]
                  00010790    00000008     (.cinit..bss.load) [load image, compression = zero_init]
                  00010798    00000008     (.cinit..data:xdc_runtime_Memory_Module__state__V.load) [load image, compression = lzss]
                  000107a0    00000007     (.cinit..data:ti_sysbios_family_arm_cc26xx_TimestampProvider_Module__state__V.load) [load image, compression = lzss]
                  000107a7    00000007     (.cinit..data:xdc_runtime_Startup_Module__state__V.load) [load image, compression = lzss]
                  000107ae    00000007     (.cinit..data:xdc_runtime_System_Module__state__V.load) [load image, compression = lzss]
                  000107b5    00000006     (.cinit..data:xdc_runtime_Error_Module__state__V.load) [load image, compression = lzss]
                  000107bb    00000001     --HOLE-- [fill = 0]
                  000107bc    00000068     (__TI_cinit_table)

.init_array 
*          0    00000000    00000000     UNINITIALIZED

.snvSectors 
*          0    0001e000    00001000     
                  0001e000    00001000     project_zero_cc2640r2lp_stack_library.lib : osal_snv_wrapper.obj (.snvSectors:retain)

.ccfg      0    0001ffa8    00000058     
                  0001ffa8    00000058     ccfg_app_ble.obj (.ccfg:retain)

.data      0    20000208    000019bf     UNINITIALIZED
                  20000208    000005b8     UartLog.obj (.data:$O15$$)
                  200007c0    00000414     project_zero.obj (.data:$O1$$)
                  20000bd4    00000004     project_zero_cc2640r2lp_stack_library.lib : osal_snv_wrapper.obj (.data:$O17$$)
                  20000bd8    00000340     peripheral.obj (.data:$O11$$)
                  20000f18    000001d4     devinfoservice.obj (.data:$O9$$)
                  200010ec    00000174     project_zero_cc2640r2lp_stack_library.lib : gapbondmgr.obj (.data:$O18$$)
                  20001260    00000114     drivers_cc26x0r2.aem3 : PINCC26XX.oem3 (.data:$O1$$)
                  20001374    00000114                           : PowerCC26XX.oem3 (.data:PowerCC26XX_module)
                  20001488    000000bc     spwasService.obj (.data:$O12$$)
                  20001544    0000009c     icall.obj (.data:$O6$$)
                  200015e0    0000008c     scif_framework.obj (.data:$O2$$)
                  2000166c    0000007c     project_zero_cc2640r2lp_stack_library.lib : osal_cbtimer.obj (.data:$O20$$)
                  200016e8    00000070     cc26xx_profiles_pxxx.a : gapgattserver.o (.data)
                  20001758    00000058     drivers_cc26x0r2.aem3 : CryptoResourceCC26XX.oem3 (.data:$O1$$)
                  200017b0    00000054     cc26xx_gap_pxxx.a : gap_configmgr.o (.data)
                  20001804    0000004c     app_ble_pem3.oem3 (.data:ti_sysbios_knl_Task_Object__table__V)
                  20001850    00000048     app_ble_pem3.oem3 (.data:ti_sysbios_family_arm_cc26xx_Timer_Object__table__V)
                  20001898    00000038     cc2640_ctrlll_pxxx.a : ll_config.o (.data)
                  200018d0    00000038     app_ble_pem3.oem3 (.data:ti_sysbios_gates_GateMutex_Object__table__V)
                  20001908    00000030     ble_user_config.obj (.data:rfRegTbl)
                  20001938    00000030     app_ble_pem3.oem3 (.data:ti_sysbios_knl_Swi_Module_State_0_readyQ__A)
                  20001968    00000030     app_ble_pem3.oem3 (.data:ti_sysbios_knl_Swi_Object__table__V)
                  20001998    00000030     app_ble_pem3.oem3 (.data:ti_sysbios_knl_Task_Module_State_0_readyQ__A)
                  200019c8    0000002c     project_zero_cc2640r2lp_stack_library.lib : osal.obj (.data:$O19$$)
                  200019f4    00000028     ECCROMCC26XX.obj (.data:$O3$$)
                  20001a1c    00000024     cc26xx_profiles_pxxx.a : gapgattserver.o (.data)
                  20001a40    00000020     app_ble_pem3.oem3 (.data:ti_sysbios_knl_Clock_Object__table__V)
                  20001a60    00000020     app_ble_pem3.oem3 (.data:xdc_runtime_Error_IgnoreBlock)
                  20001a80    00000018     app_ble_pem3.oem3 (.data:ti_sysbios_family_arm_m3_Hwi_Object__table__V)
                  20001a98    00000010     icall_user_config.obj (.data:bleAppServiceInfoTable)
                  20001aa8    00000010     cc26xx_profiles_pxxx.a : gattservapp.o (.data)
                  20001ab8    00000010     icall_api_lite.obj (.data)
                  20001ac8    00000010     ble_user_config.obj (.data:rfModeOverride)
                  20001ad8    00000010     main.obj (.data:user0Cfg)
                  20001ae8    0000000c     cc2640_ctrlll_pxxx.a : ll_data.o (.data)
                  20001af4    0000000c     app_ble_pem3.oem3 (.data:ti_sysbios_heaps_HeapCallback_Object__table__V)
                  20001b00    00000009     devinfoservice.obj (.data)
                  20001b09    00000003     scif_framework.obj (.data)
                  20001b0c    00000008     project_zero_cc2640r2lp_stack_library.lib : hal_assert.obj (.data:$O16$$)
                  20001b14    00000008                                               : osal_clock.obj (.data:$O24$$)
                  20001b1c    00000008     rtsv7M3_T_le_eabi.lib : _lock.c.obj (.data:$O25$$)
                  20001b24    00000008     icall_cc2650.obj (.data:$O8$$)
                  20001b2c    00000008     app_ble_pem3.oem3 (.data:ti_sysbios_family_arm_m3_Hwi_Module__root__V)
                  20001b34    00000008     app_ble_pem3.oem3 (.data:ti_sysbios_gates_GateHwi_Module__root__V)
                  20001b3c    00000008     app_ble_pem3.oem3 (.data:ti_sysbios_gates_GateMutex_Module__root__V)
                  20001b44    00000008     app_ble_pem3.oem3 (.data:ti_sysbios_hal_Hwi_Module__root__V)
                  20001b4c    00000008     app_ble_pem3.oem3 (.data:ti_sysbios_heaps_HeapCallback_Module__root__V)
                  20001b54    00000008     app_ble_pem3.oem3 (.data:ti_sysbios_heaps_HeapMem_Module__root__V)
                  20001b5c    00000008     app_ble_pem3.oem3 (.data:ti_sysbios_knl_Clock_Module__root__V)
                  20001b64    00000008     app_ble_pem3.oem3 (.data:ti_sysbios_knl_Event_Module__root__V)
                  20001b6c    00000008     app_ble_pem3.oem3 (.data:ti_sysbios_knl_Mailbox_Module__root__V)
                  20001b74    00000008     app_ble_pem3.oem3 (.data:ti_sysbios_knl_Queue_Module__root__V)
                  20001b7c    00000008     app_ble_pem3.oem3 (.data:ti_sysbios_knl_Semaphore_Module__root__V)
                  20001b84    00000008     app_ble_pem3.oem3 (.data:ti_sysbios_knl_Swi_Module__root__V)
                  20001b8c    00000008     app_ble_pem3.oem3 (.data:ti_sysbios_knl_Task_Module__root__V)
                  20001b94    00000008     app_ble_pem3.oem3 (.data:xdc_runtime_Registry_Module__state__V)
                  20001b9c    00000004     project_zero_cc2640r2lp_stack_library.lib : osal_pwrmgr.obj (.data:$O21$$)
                  20001ba0    00000004     ble_user_config.obj (.data)
                  20001ba4    00000004     project_zero_cc2640r2lp_stack_library.lib : ble_user_config.obj (.data)
                  20001ba8    00000004                                               : osal_bufmgr.obj (.data)
                  20001bac    00000004     rtsv7M3_T_le_eabi.lib : stkdepth_vars.c.obj (.data)
                  20001bb0    00000004     app_ble_pem3.oem3 (.data:ti_sysbios_family_arm_m3_Hwi_Module_State_0_excContext__A)
                  20001bb4    00000004     app_ble_pem3.oem3 (.data:ti_sysbios_family_arm_m3_Hwi_Module_State_0_excStack__A)
                  20001bb8    00000004     app_ble_pem3.oem3 (.data:ti_sysbios_knl_Task_Module_State_0_idleTask__A)
                  20001bbc    00000003     spwasService.obj (.data)
                  20001bbf    00000001     TRNGCC26XX.obj (.data)
                  20001bc0    00000002     app_ble_pem3.oem3 (.data:ti_sysbios_family_arm_m3_Hwi_Module_State_0_excActive__A)
                  20001bc2    00000001     cc26xx_profiles_pxxx.a : gapgattserver.o (.data)
                  20001bc3    00000001                            : gapgattserver.o (.data)
                  20001bc4    00000001                            : gapgattserver.o (.data)
                  20001bc5    00000001     drivers_cc26x0r2.aem3 : CryptoCC26XX.oem3 (.data)
                  20001bc6    00000001                           : UART.oem3 (.data)

.bss       0    20001bc8    000008f7     UNINITIALIZED
                  20001bc8    000003a0     RFCC26XX_singleMode.obj (.bss:$O5$$)
                  20001f68    00000200     app_ble_pem3.oem3 (.bss:taskStackSection)
                  20002168    0000012c     (.common:uartCC26XXObjects)
                  20002294    000000c8     (.common:ti_sysbios_family_arm_m3_Hwi_dispatchTable)
                  2000235c    00000004     cc2640_ctrlll_pxxx.a : ll.o (.bss)
                  20002360    00000078                          : ll.o (.bss)
                  200023d8    00000040     (.common:cryptoCC26XXObjects)
                  20002418    00000020     (.common:uartCC26XXRingBuffer)
                  20002438    00000014     RFCC26XX_singleMode.obj (.bss:RF_ratSyncCmd$6)
                  2000244c    00000014     driverlib.lib : osc.obj (.bss:oscHfGlobals$64)
                  20002460    00000010     util.obj (.bss:str$1$4)
                  20002470    0000000c     project_zero_cc2640r2lp_stack_library.lib : osal_timers.obj (.bss:$O22$$)
                  2000247c    0000000c     cc2640_ctrlll_pxxx.a : ll_scheduler.o (.bss)
                  20002488    00000008     dpl_cc26x0r2.aem3 : PowerCC26XX_tirtos.oem3 (.bss:$O1$$)
                  20002490    00000008     cc2640_ctrlll_pxxx.a : ll_common.o (.bss)
                  20002498    00000008     driverlib.lib : sys_ctrl.obj (.bss:powerQualGlobals$66)
                  200024a0    00000004     cc26xx_gap_pxxx.a : gap_linkmgr.o (.bss)
                  200024a4    00000004     cc26xx_profiles_pxxx.a : gapgattserver.o (.bss)
                  200024a8    00000004     (.common:ClockP_tickPeriod)
                  200024ac    00000004     (.common:tasksEvents)
                  200024b0    00000004     (.common:trngCC26XXObjects)
                  200024b4    00000002     cc2640_ctrlll_pxxx.a : ll_slave_end_causes.o (.bss)
                  200024b6    00000001     RFCC26XX_singleMode.obj (.bss)
                  200024b7    00000001     cc26xx_hci_tl_none.a : hci_tl.o (.bss)
                  200024b8    00000001                          : hci_tl.o (.bss)
                  200024b9    00000001                          : hci_tl.o (.bss)
                  200024ba    00000001                          : hci_tl.o (.bss)
                  200024bb    00000001                          : hci_tl.o (.bss)
                  200024bc    00000001     drivers_cc26x0r2.aem3 : CryptoCC26XX.oem3 (.bss)
                  200024bd    00000001     (.common:driverlib_release_0_54539)
                  200024be    00000001     (.common:icall_liteTaskId)

.vtable    0    200024bf    00000000     UNINITIALIZED

.vtable_ram 
*          0    200024bf    00000000     UNINITIALIZED

vtable_ram 
*          0    200024bf    00000000     UNINITIALIZED

.sysmem    0    200024bf    00000000     UNINITIALIZED

.nonretenvar 
*          0    200024bf    00000000     UNINITIALIZED

.stack     0    20004000    00000400     UNINITIALIZED
                  20004000    00000400     --HOLE--

.text.1    0    0000003c    00000fc4     
                  0000003c    00000a50     project_zero.obj (.text:ProjectZero_taskFxn$0)
                  00000a8c    00000008     (.tramp.ti_sysbios_knl_Queue_construct.1)
                  00000a94    00000008     (.tramp.ti_sysbios_family_arm_m3_Hwi_disableFxn__E.1)
                  00000a9c    00000008     (.tramp.ti_sysbios_family_arm_m3_Hwi_restoreFxn__E.1)
                  00000aa4    00000008     (.tramp.ti_sysbios_knl_Event_pend__E.1)
                  00000aac    00000008     ble_r2.symbols (.tramp.GATT_bm_free.1)
                  00000ab4    00000008     (.tramp.ti_sysbios_knl_Queue_empty__E.1)
                  00000abc    00000008     (.tramp.ti_sysbios_knl_Queue_dequeue__E.1)
                  00000ac4    0000038c     cc2640_ctrlll_pxxx.a : ll_slave_end_causes.o (.text)
                  00000e50    00000008     ble_r2.symbols (.tramp.llCheckForLstoDuringSL.1)
                  00000e58    00000008     ble_r2.symbols (.tramp.llEventInRange.1)
                  00000e60    00000008     ble_r2.symbols (.tramp.llEventDelta.1)
                  00000e68    00000008     ble_r2.symbols (.tramp.llConvertLstoToEvent.1)
                  00000e70    00000008     ble_r2.symbols (.tramp.LL_ConnParamUpdateCback.1)
                  00000e78    00000008     ble_r2.symbols (.tramp.llConvertCtrlProcTimeoutToEvent.1)
                  00000e80    00000008     ble_r2.symbols (.tramp.llConnTerminate.1)
                  00000e88    00000008     ble_r2.symbols (.tramp.llSetNextDataChan.1)
                  00000e90    0000015c     drivers_cc26x0r2.aem3 : UARTCC26XX.oem3 (.text:UARTCC26XX_open)
                  00000fec    00000014                           : CryptoCC26XX.oem3 (.text:CryptoCC26XX_init)

.text.2    0    00001330    0000dd14     
                  00001330    000005d4     cc2640_ctrlll_pxxx.a : ll.o (.text)
                  00001904    00000540     peripheral.obj (.text:gapRole_taskFxn$16)
                  00001e44    00000314     drivers_cc26x0r2.aem3 : PowerCC26XX_calibrateRCOSC.oem3 (.text:PowerCC26XX_auxISR)
                  00002158    0000030c     rom_sysbios.aem3 : rom_sysbios.obj (.text:xdc_runtime_System_doPrint__I)
                  00002464    00000300     cc2640_ctrlll_pxxx.a : ll.o (.text)
                  00002764    000002f4                          : ll_scheduler.o (.text)
                  00002a58    000002d0     project_zero_cc2640r2lp_stack_library.lib : icall_startup.obj (.text:startup_entry)
                  00002d28    000002b8     RFCC26XX_singleMode.obj (.text:RF_fsmActiveState$6)
                  00002fe0    00000294     peripheral.obj (.text:GAPRole_SetParameter)
                  00003274    0000027c     drivers_cc26x0r2.aem3 : CryptoCC26XX.oem3 (.text:cryptoTransactionExecute)
                  000034f0    00000238     cc26xx_profiles_pxxx.a : gapgattserver.o (.text)
                  00003728    00000230     cc2640_ctrlll_pxxx.a : ll_isr.o (.text)
                  00003958    0000022c     project_zero_cc2640r2lp_stack_library.lib : gapbondmgr.obj (.text:GAPBondMgr_SetParameter)
                  00003b84    0000022c     drivers_cc26x0r2.aem3 : PowerCC26XX.oem3 (.text:Power_sleep)
                  00003db0    00000220     driverlib.lib : sys_ctrl.obj (.text:NOROM_SysCtrlSetRechargeBeforePowerDown)
                  00003fd0    0000020c     RFCC26XX_singleMode.obj (.text:RF_open)
                  000041dc    0000020c     cc2640_ctrlll_pxxx.a : ll_common.o (.text)
                  000043e8    00000200     cc26xx_profiles_pxxx.a : gattservapp.o (.text)
                  000045e8    000001ee     main.obj (.text:AssertHandler)
                  000047d6    00000002     ble_user_config.obj (.text:DefaultAssertCback)
                  000047d8    000001e4     project_zero_cc2640r2lp_stack_library.lib : gapbondmgr.obj (.text:GAPBondMgr_ProcessGAPMsg)
                  000049bc    000001e0     ECCROMCC26XX.obj (.text:ECC_VerifyPublicKeyWeierstrass$5)
                  00004b9c    000001d0     project_zero_cc2640r2lp_stack_library.lib : gapbondmgr.obj (.text:gapBondMgrAddBond$29)
                  00004d6c    000001c4     cc2640_ctrlll_pxxx.a : ll_isr.o (.text)
                  00004f30    000001bc     RFCC26XX_singleMode.obj (.text:RF_fsmSetupState$6)
                  000050ec    000001bc     project_zero_cc2640r2lp_stack_library.lib : osal.obj (.text:osal_start_system)
                  000052a8    000001bc     UartLog.obj (.text:uartLog_flush)
                  00005464    000001b8     project_zero.obj (.text:user_processGapStateChangeEvt$0)
                  0000561c    000001b0     drivers_cc26x0r2.aem3 : PINCC26XX.oem3 (.text:PIN_init)
                  000057cc    000001a4     ECCROMCC26XX.obj (.text:ECCROMCC26XX_genDHKey)
                  00005970    00000190     drivers_cc26x0r2.aem3 : PowerCC26XX_calibrateRCOSC.oem3 (.text:PowerCC26XX_doCalibrate)
                  00005b00    00000190     project_zero_cc2640r2lp_stack_library.lib : gapbondmgr.obj (.text:gapBondMgrAuthenticate$29)
                  00005c90    00000190     icall.obj (.text:icall_directAPI)
                  00005e20    00000170     cc2640_ctrlll_pxxx.a : ll.o (.text)
                  00005f90    0000016c                          : ll_isr.o (.text)
                  000060fc    00000150     project_zero_cc2640r2lp_stack_library.lib : gapbondmgr.obj (.text:GAPBondMgr_ProcessEvent)
                  0000624c    00000148     drivers_cc26x0r2.aem3 : UARTCC26XX.oem3 (.text:UARTCC26XX_hwiIntFxn)
                  00006394    00000136                           : UARTCC26XX.oem3 (.text:UARTCC26XX_read)
                  000064ca    00000002     icall.obj (.text:ICall_abort)
                  000064cc    0000012c     drivers_cc26x0r2.aem3 : PowerCC26XX.oem3 (.text:Power_init)
                  000065f8    00000128     ECCROMCC26XX.obj (.text:ECCROMCC26XX_genKeys)
                  00006720    00000128     cc2640_ctrlll_pxxx.a : ll_scheduler.o (.text)
                  00006848    00000124     peripheral.obj (.text:GAPRole_GetParameter)
                  0000696c    00000124     project_zero_cc2640r2lp_stack_library.lib : gapbondmgr.obj (.text:gapBondMgrEraseBonding$29)
                  00006a90    0000011c                                               : osal_snv_wrapper.obj (.text:compactPage$27)
                  00006bac    00000110     cc26xx_gatt_pxxx.a : gatt_server.o (.text)
                  00006cbc    000000fc     rtsv7M3_T_le_eabi.lib : fd_mul_t2.asm.obj (.text)
                  00006db8    000000f8     project_zero_cc2640r2lp_stack_library.lib : osal_snv_wrapper.obj (.text:osal_snv_write)
                  00006eb0    000000f8     app_ble_pem3.oem3 (.text:xdc_runtime_System_printfExtend__I)
                  00006fa8    000000f4     cc26xx_gap_pxxx.a : gap_linkmgr.o (.text)
                  0000709c    000000f0     drivers_cc26x0r2.aem3 : PINCC26XX.oem3 (.text:PINCC26XX_setIoCfg)
                  0000718c    000000ec     project_zero_cc2640r2lp_stack_library.lib : gapbondmgr.obj (.text:GAPBondMgr_LinkEst)
                  00007278    000000ec     RFCC26XX_singleMode.obj (.text:RF_radioOpDoneCb$6)
                  00007364    000000ec     cc26xx_profiles_pxxx.a : gattservapp.o (.text)
                  00007450    000000e8     dpl_cc26x0r2.aem3 : PowerCC26XX_tirtos.oem3 (.text:PowerCC26XX_standbyPolicy)
                  00007538    000000e8     project_zero_cc2640r2lp_stack_library.lib : osal_timers.obj (.text:osalTimerUpdate)
                  00007620    000000e4     cc26xx_sm_pxxx.a : sm_pairing.o (.text)
                  00007704    000000e2     drivers_cc26x0r2.aem3 : UARTCC26XX.oem3 (.text:UARTCC26XX_write)
                  000077e6    00000002     project_zero_cc2640r2lp_stack_library.lib : onboard.obj (.text:Onboard_soft_reset)
                  000077e8    000000dc     cc2640_ctrlll_pxxx.a : ll_isr.o (.text)
                  000078c4    000000d4     RFCC26XX_singleMode.obj (.text:RF_pendCmd)
                  00007998    000000d4     project_zero.obj (.text:user_gapBondMgr_pairStateCB$0)
                  00007a6c    000000cc     RFCC26XX_singleMode.obj (.text:RF_swiHw$6)
                  00007b38    000000c4     project_zero.obj (.text:ProjectZero_freeAttRsp$0)
                  00007bfc    000000c4     RFCC26XX_singleMode.obj (.text:RF_control)
                  00007cc0    000000c4     RFCC26XX_singleMode.obj (.text:RF_postCmd)
                  00007d84    000000c4     cc26xx_sm_pxxx.a : sm_pairing.o (.text)
                  00007e48    000000c4                      : sm_pairing.o (.text)
                  00007f0c    000000c4     main.obj (.text:main)
                  00007fd0    000000c0     RFCC26XX_singleMode.obj (.text:RF_fsmPowerUpState$6)
                  00008090    000000c0     project_zero_cc2640r2lp_stack_library.lib : osal.obj (.text:osal_set_event)
                  00008150    000000bc     drivers_cc26x0r2.aem3 : PowerCC26XX.oem3 (.text:Power_releaseDependency)
                  0000820c    000000bc     cc2640_ctrlll_pxxx.a : ll_scheduler.o (.text)
                  000082c8    000000b8     driverlib.lib : setup.obj (.text:NOROM_SetupTrimDevice)
                  00008380    000000b4     drivers_cc26x0r2.aem3 : PowerCC26XX.oem3 (.text:Power_setDependency)
                  00008434    000000b4     devinfoservice.obj (.text:devInfo_ReadAttrCB$13)
                  000084e8    000000b0     TRNGCC26XX.obj (.text:TRNGCC26XX_getNumber)
                  00008598    000000b0     cc26xx_gap_pxxx.a : gap_peridevmgr.o (.text)
                  00008648    000000ac     RFCC26XX_singleMode.obj (.text:RF_abortCmd$6)
                  000086f4    000000a8     scif_framework.obj (.text:scifCtrlTasksNbl$2)
                  0000879c    000000a6     rom_sysbios.aem3 : rom_sysbios.obj (.text:xdc_runtime_Text_putSite__E)
                  00008842    00000002     RFCC26XX_singleMode.obj (.text:RF_defaultCallback$6)
                  00008844    000000a4     drivers_cc26x0r2.aem3 : CryptoCC26XX.oem3 (.text:CryptoCC26XX_open)
                  000088e8    000000a4     project_zero_cc2640r2lp_stack_library.lib : gapbondmgr.obj (.text:GAPBondMgr_ResolveAddr)
                  0000898c    000000a4     RFCC26XX_singleMode.obj (.text:RF_ratRestartChannels$6)
                  00008a30    000000a4     cc2640_ctrlll_pxxx.a : ll_common.o (.text)
                  00008ad4    000000a4     project_zero_cc2640r2lp_stack_library.lib : osal.obj (.text:osal_msg_enqueue_push$35)
                  00008b78    000000a4     spwasService.obj (.text:spwasservice_ReadAttrCB$17)
                  00008c1c    000000a4     drivers_cc26x0r2.aem3 : PowerCC26XX.oem3 (.text:switchXOSCHFclockFunc)
                  00008cc0    000000a0                           : PINCC26XX.oem3 (.text:PIN_open)
                  00008d60    000000a0     auto_init.aem3 : auto_init.oem3 (.text)
                  00008e00    0000009e     project_zero_cc2640r2lp_stack_library.lib : gapbondmgr.obj (.text:gapBondMgrUpdateCharCfg$29)
                  00008e9e    00000002                                               : sm_ecc.obj (.text:SM_dhKeyCB)
                  00008ea0    0000009c     RFCC26XX_singleMode.obj (.text:RF_calculateDispatchTime$6)
                  00008f3c    0000009c     UartLog.obj (.text:UartLog_log)
                  00008fd8    0000009c     project_zero_cc2640r2lp_stack_library.lib : osal_cbtimer.obj (.text:cbTimerSetup$37)
                  00009074    0000009c                                               : osal_cbtimer.obj (.text:osal_CbTimerProcessEvent)
                  00009110    0000009c     rtsv7M3_T_le_eabi.lib : memcpy_t2.asm.obj (.text)
                  000091ac    00000098     drivers_cc26x0r2.aem3 : UARTCC26XX.oem3 (.text:UARTCC26XX_initHw)
                  00009244    00000098                           : UARTCC26XX.oem3 (.text:UARTCC26XX_initIO)
                  000092dc    00000098     rom_sysbios.aem3 : rom_sysbios.obj (.text:ti_sysbios_knl_Clock_workFuncDynamic__E)
                  00009374    00000098                      : rom_sysbios.obj (.text:xdc_runtime_Text_putMod__E)
                  0000940c    00000096     rtsv7M3_T_le_eabi.lib : ull_div_t2.asm.obj (.text)
                  000094a2    00000002     project_zero_cc2640r2lp_stack_library.lib : sm_ecc.obj (.text:SM_p256KeyCB)
                  000094a4    00000094     drivers_cc26x0r2.aem3 : CryptoCC26XX.oem3 (.text:CryptoCC26XX_allocateKey)
                  00009538    00000094     icall.obj (.text:ICall_setTimer)
                  000095cc    00000094     driverlib.lib : crypto.obj (.text:NOROM_CRYPTOAesLoadKey)
                  00009660    00000094     project_zero_cc2640r2lp_stack_library.lib : osal.obj (.text:osal_msg_receive)
                  000096f4    00000094                                               : osal_timers.obj (.text:osal_timer_refTimeUpdate)
                  00009788    00000092     rtsv7M3_T_le_eabi.lib : fs_div_t2.asm.obj (.text)
                  0000981a    00000002                           : _lock.c.obj (.text:_nop)
                  0000981c    00000090     driverlib.lib : setup.obj (.text:TrimAfterColdResetWakeupFromShutDown$24)
                  000098ac    00000090     rom_sysbios.aem3 : rom_sysbios.obj (.text:ti_sysbios_family_arm_cc26xx_Timer_start__E)
                  0000993c    0000008e     drivers_cc26x0r2.aem3 : UARTCC26XX.oem3 (.text:UARTCC26XX_writeCancel)
                  000099ca    00000002                           : PowerCC26XX.oem3 (.text:emptyClockFunc)
                  000099cc    0000008c     icall.obj (.text:ICall_heapMalloc)
                  00009a58    0000008c     cc2640_ctrlll_pxxx.a : ll_enc.o (.text)
                  00009ae4    0000008c     peripheral.obj (.text:gapRole_startConnUpdate$16)
                  00009b70    00000088     gattservapp_util.obj (.text:gattServApp_SendNotiInd$15)
                  00009bf8    00000088     spwasService.obj (.text:spwasservice_WriteAttrCB$17)
                  00009c80    00000084     drivers_cc26x0r2.aem3 : UARTCC26XX.oem3 (.text:UARTCC26XX_close)
                  00009d04    00000084     cc26xx_profiles_pxxx.a : gapgattserver.o (.text)
                  00009d88    00000080     RFCC26XX_singleMode.obj (.text:RF_dispatchNextCmd$6)
                  00009e08    00000080     RFCC26XX_singleMode.obj (.text:RF_ratFreeChannel$6)
                  00009e88    00000080     drivers_cc26x0r2.aem3 : UARTCC26XX.oem3 (.text:writeTxFifoFlush)
                  00009f08    0000007c     RFCC26XX_singleMode.obj (.text:RF_hwiCpe0Active$6)
                  00009f84    0000007c     cc2640_ctrlhci_pxxx.a : hci_event.o (.text)
                  0000a000    0000007c     cc2640_ctrlll_pxxx.a : ll_scheduler.o (.text)
                  0000a07c    0000007c     cc26xx_gap_pxxx.a : gap_linkmgr.o (.text)
                  0000a0f8    0000007c     project_zero_cc2640r2lp_stack_library.lib : osal.obj (.text:osal_event_send$35)
                  0000a174    0000007a     rtsv7M3_T_le_eabi.lib : memset_t2.asm.obj (.text)
                  0000a1ee    00000002     drivers_cc26x0r2.aem3 : CryptoResourceCC26XX.oem3 (.text:errorSpin)
                  0000a1f0    00000078     project_zero_cc2640r2lp_stack_library.lib : gapbondmgr.obj (.text:GAPBondMgr_syncResolvingList)
                  0000a268    00000078     gattservapp_util.obj (.text:GATTServApp_ProcessCharCfg)
                  0000a2e0    00000078     cc26xx_profiles_pxxx.a : gattservapp.o (.text)
                  0000a358    00000074     cc26xx_sm_pxxx.a : sm_pairing.o (.text)
                  0000a3cc    00000074     project_zero_cc2640r2lp_stack_library.lib : gapbondmgr.obj (.text:gapBondMgrBondReq$29)
                  0000a440    00000072     cc2640_ctrlll_pxxx.a : ll_common.o (.text)
                  0000a4b2    00000002     project_zero_cc2640r2lp_stack_library.lib : hal_assert.obj (.text:halAssertHandler)
                  0000a4b4    00000070     icall.obj (.text:ICall_heapGetStats)
                  0000a524    00000070     icall.obj (.text:ICall_heapInit)
                  0000a594    00000070     driverlib.lib : sys_ctrl.obj (.text:NOROM_SysCtrlAdjustRechargeAfterPowerDown)
                  0000a604    00000070     project_zero_cc2640r2lp_stack_library.lib : ble_dispatch_lite.obj (.text:ble_dispatch_liteProcess)
                  0000a674    00000070     cc26xx_hci_tl_none.a : hci_tl.o (.text)
                  0000a6e4    00000070     drivers_cc26x0r2.aem3 : PowerCC26XX.oem3 (.text:lfClockReadyCallback)
                  0000a754    00000070     project_zero_cc2640r2lp_stack_library.lib : osal_snv_wrapper.obj (.text:writeWord$27)
                  0000a7c4    0000006e     rtsv7M3_T_le_eabi.lib : fd_tos_t2.asm.obj (.text)
                  0000a832    00000002     project_zero_cc2640r2lp_stack_library.lib : hal_assert.obj (.text:halAssertSpinlock)
                  0000a834    0000006d     rom_sysbios.aem3 : rom_sysbios.obj (.text:xdc_runtime_System_formatNum__I)
                  0000a8a1    00000001     --HOLE-- [fill = 0]
                  0000a8a2    00000002     icall_api_lite.obj (.text:rfErrCb)
                  0000a8a4    0000006c     icall.obj (.text:ICall_send)
                  0000a910    0000006c     icall.obj (.text:ICall_sendServiceComplete)
                  0000a97c    0000006c     driverlib.lib : osc.obj (.text:NOROM_OSCHF_AttemptToSwitchToXosc)
                  0000a9e8    0000006c     drivers_cc26x0r2.aem3 : PowerCC26XX_calibrateRCOSC.oem3 (.text:PowerCC26XX_initiateCalibration)
                  0000aa54    0000006c     cc2640_ctrlll_pxxx.a : ll_scheduler.o (.text)
                  0000aac0    0000006c     drivers_cc26x0r2.aem3 : PowerCC26XX.oem3 (.text:configureXOSCHF)
                  0000ab2c    0000006b     project_zero.obj (.text:user_gapStateChangeCB$0)
                  0000ab97    00000001     --HOLE-- [fill = 0]
                  0000ab98    0000006a     cc2640_ctrlll_pxxx.a : ble.o (.text)
                  0000ac02    00000002     rtsv7M3_T_le_eabi.lib : div0.asm.obj (.text)
                  0000ac04    00000068     drivers_cc26x0r2.aem3 : CryptoCC26XX.oem3 (.text:CryptoCC26XX_loadKey)
                  0000ac6c    00000068     driverlib.lib : sys_ctrl.obj (.text:NOROM_SysCtrl_DCDC_VoltageConditionalControl)
                  0000acd4    00000068     RFCC26XX_singleMode.obj (.text:RF_getCurrentTime)
                  0000ad3c    00000068     RFCC26XX_singleMode.obj (.text:RF_hwiHw$6)
                  0000ada4    00000068     rtsv7M3_T_le_eabi.lib : copy_decompress_lzss.c.obj (.text:decompress:lzss:__TI_decompress_lzss)
                  0000ae0c    00000068     project_zero_cc2640r2lp_stack_library.lib : osal_cbtimer.obj (.text:osal_CbTimerUpdate)
                  0000ae74    00000064     cc2640_ctrlll_pxxx.a : ll_enc.o (.text)
                  0000aed8    00000064     cc26xx_profiles_pxxx.a : gattservapp.o (.text)
                  0000af3c    00000060     icall.obj (.text:ICall_createRemoteTasksAtRuntime)
                  0000af9c    00000060     icall.obj (.text:ICall_enrollService)
                  0000affc    00000060     drivers_cc26x0r2.aem3 : PowerCC26XX.oem3 (.text:PowerCC26XX_calibrate)
                  0000b05c    00000060     RFCC26XX_singleMode.obj (.text:RF_dispatchNextEvent$6)
                  0000b0bc    00000060     rtsv7M3_T_le_eabi.lib : fs_cmp_t2.asm.obj (.text:__aeabi_cfcmple)
                  0000b11c    0000005f     rom_sysbios.aem3 : rom_sysbios.obj (.text:xdc_runtime_Text_putLab__E)
                  0000b17b    00000001     --HOLE-- [fill = 0]
                  0000b17c    0000005e     icall.obj (.text:ICall_fetchMsg)
                  0000b1da    0000005e     drivers_cc26x0r2.aem3 : UARTCC26XX.oem3 (.text:UARTCC26XX_swiIntFxn)
                  0000b238    0000005c                           : CryptoResourceCC26XX.oem3 (.text:CryptoResourceCC26XX_constructRTOSObjects)
                  0000b294    0000005c     icall.obj (.text:ICall_pwrUpdActivityCounter)
                  0000b2f0    0000005c     drivers_cc26x0r2.aem3 : PowerCC26XX_calibrateRCOSC.oem3 (.text:PowerCC26XX_RCOSC_clockFunc)
                  0000b34c    0000005c     RFCC26XX_singleMode.obj (.text:RF_cmdDispatchTime$6)
                  0000b3a8    0000005c     RFCC26XX_singleMode.obj (.text:RF_hwiCpe0PowerFsm$6)
                  0000b404    0000005c     cc26xx_profiles_pxxx.a : gattservapp.o (.text)
                  0000b460    0000005c     app_ble_pem3.oem3 (.text:xdc_runtime_Startup_getState__I)
                  0000b4bc    0000005a     RFCC26XX_singleMode.obj (.text:RF_syncCb$6)
                  0000b516    00000058     icall.obj (.text:ICall_wait)
                  0000b56e    00000002     app_ble_pem3.oem3 (.text:ti_sysbios_BIOS_nullFunc__I)
                  0000b570    00000058     drivers_cc26x0r2.aem3 : PINCC26XX.oem3 (.text:PIN_remove)
                  0000b5c8    00000058     RFCC26XX_singleMode.obj (.text:RF_fsmXOSCState$6)
                  0000b620    00000058     RFCC26XX_singleMode.obj (.text:RF_getInfo)
                  0000b678    00000058     drivers_cc26x0r2.aem3 : UARTCC26XX.oem3 (.text:UARTCC26XX_control)
                  0000b6d0    00000058     cc26xx_gap_pxxx.a : gap_linkmgr.o (.text)
                  0000b728    00000058     project_zero_cc2640r2lp_stack_library.lib : osal_snv_wrapper.obj (.text:findItem$27)
                  0000b780    00000058                                               : gapbondmgr.obj (.text:gapBondMgrReadBonds$29)
                  0000b7d8    00000058                                               : osal_cbtimer.obj (.text:osal_CbTimerStop)
                  0000b830    00000054     RFCC26XX_singleMode.obj (.text:RF_discardPendCmd$6)
                  0000b884    00000054     cc26xx_profiles_pxxx.a : gattservapp.o (.text)
                  0000b8d8    00000050     dpl_cc26x0r2.aem3 : ClockP_tirtos.oem3 (.text:ClockP_construct)
                  0000b928    00000050     ECCROMCC26XX.obj (.text:ECCROMCC26XX_Params_init)
                  0000b978    00000050     project_zero_cc2640r2lp_stack_library.lib : gapbondmgr.obj (.text:GAPBondMgr_LinkTerm)
                  0000b9c8    00000050     icall.obj (.text:ICall_registerApp)
                  0000ba18    00000050     util.obj (.text:Util_convertBdAddr2Str)
                  0000ba68    00000050     cc2640_ctrlll_pxxx.a : ll.o (.text)
                  0000bab8    00000050     drivers_cc26x0r2.aem3 : UARTCC26XX.oem3 (.text:startTxFifoEmptyClk)
                  0000bb08    0000004c     icall.obj (.text:ICall_newTask$8)
                  0000bb54    0000004c     RFCC26XX_singleMode.obj (.text:RF_wakeupNotification$6)
                  0000bba0    0000004c     rtsv7M3_T_le_eabi.lib : cpy_tbl.c.obj (.text:copy_in)
                  0000bbec    0000004c     project_zero_cc2640r2lp_stack_library.lib : gapbondmgr.obj (.text:gapBondMgrUpdateLruBondList$29)
                  0000bc38    0000004c                                               : osal_bufmgr.obj (.text:osal_bm_free)
                  0000bc84    0000004a     drivers_cc26x0r2.aem3 : UARTCC26XX.oem3 (.text:UARTCC26XX_readCancel)
                  0000bcce    00000002     app_ble_pem3.oem3 (.text:ti_sysbios_rom_cortexm_cc26xx_r2_CC26xx_badRomRevision__E)
                  0000bcd0    00000048     ECCROMCC26XX.obj (.text:ECC_initGlobals$5)
                  0000bd18    00000048     drivers_cc26x0r2.aem3 : PINCC26XX.oem3 (.text:PIN_setOutputEnable)
                  0000bd60    00000048     project_zero_cc2640r2lp_stack_library.lib : osal_timers.obj (.text:osalAddTimer)
                  0000bda8    00000048     rtsv7M3_T_le_eabi.lib : fd_toi_t2.asm.obj (.text)
                  0000bdf0    00000048     rom_sysbios.aem3 : rom_sysbios.obj (.text:ti_sysbios_family_arm_cc26xx_Timer_setThreshold__I)
                  0000be38    00000048     drivers_cc26x0r2.aem3 : UARTCC26XX.oem3 (.text:writeFinishedDoCallback)
                  0000be80    00000044     driverlib.lib : osc.obj (.text:NOROM_OSCHF_SwitchToRcOscTurnOffXosc)
                  0000bec4    00000044     drivers_cc26x0r2.aem3 : RingBuf.oem3 (.text:RingBuf_put)
                  0000bf08    00000044     boot.aem3 : boot.oem3 (.text)
                  0000bf4c    00000044     cc2640_ctrlll_pxxx.a : ll_scheduler.o (.text)
                  0000bf90    00000044     cc26xx_profiles_pxxx.a : gattservapp.o (.text)
                  0000bfd4    00000044     project_zero_cc2640r2lp_stack_library.lib : osal_snv_wrapper.obj (.text:erasePage$27)
                  0000c018    00000044                                               : osal_timers.obj (.text:osal_start_timerEx)
                  0000c05c    00000044     scif_framework.obj (.text:scifInitIo)
                  0000c0a0    00000044     project_zero.obj (.text:user_enqueueRawAppMsg$0)
                  0000c0e4    00000044     rom_sysbios.aem3 : rom_sysbios.obj (.text:xdc_runtime_Text_xprintf__I)
                  0000c128    00000042     project_zero_cc2640r2lp_stack_library.lib : gapbondmgr.obj (.text:GAPBondMgr_UpdateCharCfg)
                  0000c16a    00000042                                               : gap.obj (.text:GAP_DeviceInit)
                  0000c1ac    00000040     ECCROMCC26XX.obj (.text:ECCROMCC26XX_init)
                  0000c1ec    00000040     peripheral.obj (.text:GAPRole_createTask)
                  0000c22c    00000040     drivers_cc26x0r2.aem3 : PINCC26XX.oem3 (.text:PIN_swi)
                  0000c26c    00000040                           : PowerCC26XX.oem3 (.text:PowerCC26XX_isStableXOSC_HF)
                  0000c2ac    00000040     spwasService.obj (.text:Spwasservice_SetParameter)
                  0000c2ec    00000040     drivers_cc26x0r2.aem3 : UART.oem3 (.text:UART_init)
                  0000c32c    00000040                           : UART.oem3 (.text:UART_open)
                  0000c36c    00000040     cc26xx_profiles_pxxx.a : gattservapp.o (.text)
                  0000c3ac    00000040                            : gattservapp.o (.text)
                  0000c3ec    00000040     rtsv7M3_T_le_eabi.lib : u_divt2.asm.obj (.text)
                  0000c42c    00000040     rom_sysbios.aem3 : rom_sysbios.obj (.text:ti_sysbios_heaps_HeapCallback_Module_startup__E)
                  0000c46c    0000003e     dpl_cc26x0r2.aem3 : HwiP_tirtos.oem3 (.text:HwiP_construct)
                  0000c4aa    0000003e     drivers_cc26x0r2.aem3 : RingBuf.oem3 (.text:RingBuf_get)
                  0000c4e8    0000003c     driverlib.lib : osc.obj (.text:NOROM_OSC_HPOSCRelativeFrequencyOffsetGet)
                  0000c524    0000003c     project_zero.obj (.text:ProjectZero_createTask)
                  0000c560    0000003c     RFCC26XX_singleMode.obj (.text:RF_cmdStoreEvents$6)
                  0000c59c    0000003c     dpl_cc26x0r2.aem3 : SwiP_tirtos.oem3 (.text:SwiP_construct)
                  0000c5d8    0000003c     cc2640_ctrlll_pxxx.a : ll_common.o (.text)
                  0000c614    0000003c                          : ll_scheduler.o (.text)
                  0000c650    0000003c     cc26xx_hci_tl_none.a : hci_tl.o (.text)
                  0000c68c    0000003c     cc26xx_profiles_pxxx.a : gattservapp.o (.text)
                  0000c6c8    0000003c                            : gattservapp.o (.text)
                  0000c704    0000003c     drivers_cc26x0r2.aem3 : PowerCC26XX.oem3 (.text:disableLfClkQualifiersEnableClkLoss)
                  0000c740    0000003c     project_zero_cc2640r2lp_stack_library.lib : osal_bufmgr.obj (.text:osal_bm_alloc)
                  0000c77c    0000003c                                               : osal_timers.obj (.text:osal_start_reload_timer)
                  0000c7b8    0000003c     rom_sysbios.aem3 : rom_sysbios.obj (.text:ti_sysbios_family_arm_m3_Hwi_construct2__E)
                  0000c7f4    00000038     drivers_cc26x0r2.aem3 : PINCC26XX.oem3 (.text:PIN_setConfig)
                  0000c82c    00000038                           : PINCC26XX.oem3 (.text:PIN_setOutputValue)
                  0000c864    00000038     RFCC26XX_singleMode.obj (.text:RF_checkCmdFsError$6)
                  0000c89c    00000038     RFCC26XX_singleMode.obj (.text:RF_powerConstraintRelease)
                  0000c8d4    00000038     util.obj (.text:Util_restartClock)
                  0000c90c    00000038     project_zero_cc2640r2lp_stack_library.lib : osal_bufmgr.obj (.text:bm_desc_from_payload$36)
                  0000c944    00000038     cc2640_ctrlll_pxxx.a : ll_scheduler.o (.text)
                  0000c97c    00000038                          : ll_scheduler.o (.text)
                  0000c9b4    00000038     cc26xx_l2cap_pxxx.a : l2cap_util.o (.text)
                  0000c9ec    00000038     project_zero_cc2640r2lp_stack_library.lib : osal_snv_wrapper.obj (.text:disableCache$27)
                  0000ca24    00000038                                               : osal.obj (.text:osal_alien2proxy)
                  0000ca5c    00000038                                               : osal.obj (.text:osal_msec_timer_cback$35)
                  0000ca94    00000038                                               : osal_timers.obj (.text:osal_stop_timerEx)
                  0000cacc    00000038     rtsv7M3_T_le_eabi.lib : fs_tod_t2.asm.obj (.text)
                  0000cb04    00000038     scif_framework.obj (.text:scifOsalInit)
                  0000cb3c    00000038     rom_sysbios.aem3 : rom_sysbios.obj (.text:ti_sysbios_family_arm_cc26xx_Timer_getCurrentTick__E)
                  0000cb74    00000034     peripheral.obj (.text:GAPRole_SendUpdateParam)
                  0000cba8    00000034     gattservapp_util.obj (.text:GATTServApp_InitCharCfg)
                  0000cbdc    00000034     icall.obj (.text:ICall_heapFree)
                  0000cc10    00000034     icall.obj (.text:ICall_primEntityId2ServiceId$8)
                  0000cc44    00000034     icall.obj (.text:ICall_searchServiceEntity)
                  0000cc78    00000034     drivers_cc26x0r2.aem3 : PowerCC26XX.oem3 (.text:Power_releaseConstraint)
                  0000ccac    00000034     RFCC26XX_singleMode.obj (.text:RF_runDirectImmediateCmd$6)
                  0000cce0    00000034     util.obj (.text:Util_constructClock)
                  0000cd14    00000034     cc2640_ctrlll_pxxx.a : ll_enc.o (.text)
                  0000cd48    00000034                          : ll_isr.o (.text)
                  0000cd7c    00000034                          : ll_scheduler.o (.text)
                  0000cdb0    00000034     cc26xx_gap_pxxx.a : gap_configmgr.o (.text)
                  0000cde4    00000034     drivers_cc26x0r2.aem3 : CryptoCC26XX.oem3 (.text:cryptoTransactionPend)
                  0000ce18    00000034                           : PowerCC26XX.oem3 (.text:notify)
                  0000ce4c    00000034     scif_framework.obj (.text:osalRegisterCtrlReadyInt$2)
                  0000ce80    00000034     scif_framework.obj (.text:osalRegisterTaskAlertInt$2)
                  0000ceb4    00000034     project_zero_cc2640r2lp_stack_library.lib : osal.obj (.text:osal_clear_event)
                  0000cee8    00000034     rom_sysbios.aem3 : rom_sysbios.obj (.text:ti_sysbios_family_arm_cc26xx_Timer_initDevice__I)
[...]
20002418  uartCC26XXRingBuffer                                                      
20002470  timerHead                                                                 
20002474  osal_last_timestamp                                                       
2000247c  llTaskList                                                                
20002488  PowerCC26XX_taskKey                                                       
2000248c  PowerCC26XX_swiKey                                                        
20002490  llConnEvtNotice                                                           
200024a0  connEvtCB                                                                 
200024a8  ClockP_tickPeriod                                                         
200024ac  tasksEvents                                                               
200024b0  trngCC26XXObjects                                                         
200024b7  hciTaskID                                                                 
200024b8  hciTestTaskID                                                             
200024b9  hciGapTaskID                                                              
200024ba  hciL2capTaskID                                                            
200024bb  hciSmpTaskID                                                              
200024bd  driverlib_release_0_54539                                                 
200024be  icall_liteTaskId                                                          
200024bf  heapStart                                                                 
20004000  __stack                                                                   
20004000  heapEnd                                                                   
20004400  __STACK_END                                                               
20004400  __STACK_TOP                                                               
200044f8  RAM_BASE_ADDR                                                             
20004504  ROM_FlashJT                                                               
20004558  gapPeripheralCBs                                                          
20004564  gapPeripheralConnCBs                                                      
20004568  rfMode                                                                    
20004584  smResponderCBs                                                            
2000459c  slaveConnHandle                                                           
2000459e  nextHandle                                                                
200045a0  l2capMtuSize                                                              
200045a2  gapAppTaskID                                                              
200045a3  gapAdvAppTaskID                                                           
200045a4  gapUnwantedTaskID                                                         
200045a5  reqTaskId                                                                 
200045a6  gattAppTaskID                                                             
200045a7  appTaskID                                                                 
200045a8  flowCtrlTaskId                                                            
200045a9  SM_appTaskID                                                              
200045ac  resolvingList                                                             
200046ec  scanDataEntry                                                             
200047cc  wlTable                                                                   
200048a8  wlTableScan                                                               
20004a20  advCmd                                                                    
20004a68  localEccKeys                                                              
20004aac  initDataEntry                                                             
20004ae4  advDataEntry                                                              
20004b1c  l2capFixedChannels                                                        
20004b4c  linkCBs                                                                   
20004b7c  eccParams                                                                 
20004bac  initParam                                                                 
20004bd0  scanParam                                                                 
20004bf4  advParam                                                                  
20004c14  cryptoPRAND                                                               
20004c34  txModemTestCmd                                                            
20004c50  gapParams                                                                 
20004c6c  initCmd                                                                   
20004c84  connReqData                                                               
20004c9c  scanCmd                                                                   
20004cb4  scanOutput                                                                
20004ccc  trxTestCmd                                                                
20004ce4  rxModemTestCmd                                                            
20004cfc  rsp                                                                       
20004d14  fwParDtmCmd                                                               
20004d2c  rfSetup                                                                   
20004d44  fwParRfCmd                                                                
20004d5c  connOutput                                                                
20004d70  rxTestParam                                                               
20004d84  initDataQueue                                                             
20004d94  scanDataQueue                                                             
20004da4  advDataQueue                                                              
20004db4  advOutput                                                                 
20004dc4  txTestParam                                                               
20004dd4  initOutput                                                                
20004de0  rxTestOut                                                                 
20004dec  deviceFeatureSet                                                          
20004df8  cachedTRNGdata                                                            
20004e04  gapCurrentRandomAddr                                                      
20004e0c  slaveUpdateReq                                                            
20004e14  pBleEvtMask                                                               
20004e1c  pHciEvtMask                                                               
20004e24  pHciEvtMask2                                                              
20004e2c  ownPublicAddr                                                             
20004e34  ownRandomAddr                                                             
20004e3c  ownSavedPublicAddr                                                        
20004e44  fwImmedCmd                                                                
20004e4c  attServerNotifyTxCB                                                       
20004e50  rfEvent                                                                   
20004e58  fwParCmd                                                                  
20004e60  verInfo                                                                   
20004e68  llConns                                                                   
20004e70  fwParamImmedCmd                                                           
20004e78  privInfo                                                                  
20004e80  linkCmd                                                                   
20004e84  linkParam                                                                 
20004e88  rxDataQ                                                                   
20004e8c  txDataQ                                                                   
20004e90  rxRingBuf                                                                 
20004e94  txTestOut                                                                 
20004e98  pGapDiscReq                                                               
20004e9c  pGapAdvertState                                                           
20004ea0  pEstLink                                                                  
20004ea4  pAuthLink                                                                 
20004ea8  pfnCentralConnCBs                                                         
20004eac  pfnPeripheralConnCBs                                                      
20004eb0  pGapAdvTokens                                                             
20004eb4  pGapAdData                                                                
20004eb8  pGapScanRspData                                                           
20004ebc  pfnPeripheralCBs                                                          
20004ec0  pfnCentralCBs                                                             
20004ec4  pfnBondMgrCBs                                                             
20004ec8  serverInfoTbl                                                             
20004ecc  pServiceList                                                              
20004ed0  pfnServerProcessMsgCB                                                     
20004ed4  pfnClientProcessMsgCB                                                     
20004ed8  prepareWritesTbl                                                          
20004edc  serviceCBsList                                                            
20004ee0  pAttrValue                                                                
20004ee4  l2capChannels                                                             
20004ee8  linkDB                                                                    
20004eec  rfHandle                                                                  
20004ef0  rfDrvTblPtr                                                               
20004ef4  eccDrvTblPtr                                                              
20004ef8  cryptoDrvTblPtr                                                           
20004efc  trngDrvTblPtr                                                             
20004f00  activeConns                                                               
20004f04  SysBootMsg                                                                
20004f08  sclkSrc                                                                   
20004f0c  buildInfo                                                                 
20004f10  advInfo                                                                   
20004f14  scanInfo                                                                  
20004f18  initInfo                                                                  
20004f1c  dtmInfo                                                                   
20004f20  taskEndAction                                                             
20004f24  encParams                                                                 
20004f28  encHandle                                                                 
20004f2c  encKey                                                                    
20004f30  pPairingParams                                                            
20004f34  pfnResponderCBs                                                           
20004f38  pfnInitiatorCBs                                                           
20004f3c  gapLimitedAdvertisingTimeout                                              
20004f3e  attrLen                                                                   
20004f40  numHostBufs                                                               
20004f42  rfCmdHandle                                                               
20004f44  connInitialMaxTxOctets                                                    
20004f46  connInitialMaxTxTime                                                      
20004f48  supportedMaxTxOctets                                                      
20004f4a  supportedMaxTxTime                                                        
20004f4c  supportedMaxRxOctets                                                      
20004f4e  supportedMaxRxTime                                                        
20004f50  taskEndStatus                                                             
20004f52  postRfOperations                                                          
20004f54  rfCfgAdiVal                                                               
20004f58  gapProfileRole                                                            
20004f59  gapDeviceAddrMode                                                         
20004f5a  gapState                                                                  
20004f5b  terminateAllTaskID                                                        
20004f5c  terminateReason                                                           
20004f5d  gapTaskID                                                                 
20004f5e  gattNumConns                                                              
20004f5f  gattTaskID                                                                
20004f60  GATTServApp_TaskID                                                        
20004f61  maxNumPrepareWrites                                                       
20004f62  hciPTMenabled                                                             
20004f63  ctrlToHostEnable                                                          
20004f64  l2capFlowCtrlMode                                                         
20004f65  l2capTaskID                                                               
20004f66  l2capNumChannels                                                          
20004f67  l2capNumDataPkts                                                          
20004f68  l2capId                                                                   
20004f69  linkDBNumConns                                                            
20004f6a  linkDB_secureConnectionOnlyMode                                           
20004f6b  maxPduSize                                                                
20004f6c  rfFeModeBias                                                              
20004f6d  maxNumTxDataBufs                                                          
20004f6e  LL_TaskID                                                                 
20004f6f  llState                                                                   
20004f70  rssiCorrection                                                            
20004f71  curTxPowerVal                                                             
20004f72  maxTxPwrForDTM                                                            
20004f73  onePktPerEvt                                                              
20004f74  numComplPkts                                                              
20004f75  numComplPktsLimit                                                         
20004f76  numComplPktsFlush                                                         
20004f77  fastTxRespTime                                                            
20004f78  slOverride                                                                
20004f79  rxFifoFlowCtrl                                                            
20004f7a  numTxDataBufs                                                             
20004f7b  maxNumConns                                                               
20004f7c  smTaskID                                                                  
20004f7d  SM_appExpectingKey                                                        
20004f80  ECC_DATA$$Base                                                            
20004f80  eccRom_param_Gx                                                           
20004f84  eccRom_param_Gy                                                           
20004f88  eccRom_workzone                                                           
20004f8c  eccRom_param_p                                                            
20004f90  eccRom_param_r                                                            
20004f94  eccRom_param_a                                                            
20004f98  eccRom_param_b                                                            
20004f9c  eccRom_windowSize                                                         
20004fa0  aux64                                                                     
20004fa8  MOD                                                                       
20004fac  LEN                                                                       
20004fb0  inScalar                                                                  
20004fb4  inPointX                                                                  
20004fb8  inPointY                                                                  
20004fbc  outPointX                                                                 
20004fc0  outPointY                                                                 
20004fc4  SCAL                                                                      
20004fc8  EXPX                                                                      
20004fcc  EXPY                                                                      
20004fd0  EXPZ                                                                      
20004fd4  EXPW                                                                      
20004fd8  ACCX                                                                      
20004fdc  ACCY                                                                      
20004fe0  ACCZ                                                                      
20004fe4  TMP1                                                                      
20004fe8  TMP2                                                                      
20004fec  TMP3                                                                      
20004ff0  TMP4                                                                      
20004ff4  TMP5                                                                      
20004ff8  TMP6                                                                      
20004ffc  MSBMOD                                                                    
20005000  ECC_DATA$$Limit                                                           
20005000  __UNUSED_SRAM_end__                                                       
e000e000  ti_sysbios_family_arm_m3_Hwi_nvic                                         
ffffffff  __TI_pprof_out_hndl                                                       
ffffffff  __TI_prof_data_size                                                       
ffffffff  __TI_prof_data_start                                                      
ffffffff  __binit__                                                                 
ffffffff  __c_args__                                                                
ffffffff  binit                                                                     
UNDEFED   SHT$$INIT_ARRAY$$Base                                                     
UNDEFED   SHT$$INIT_ARRAY$$Limit                                                    

[2319 symbols]
